// Jest Snapshot v1, https://goo.gl/fbAQLP

exports[`renders correctly when there are no items 1`] = `
Array [
  <style
    dangerouslySetInnerHTML={
      Object {
        "__html": ".css-1hnkkp1-MuiTextField-root{margin:8px;max-width:30vw;}",
      }
    }
    data-emotion="css 1hnkkp1-MuiTextField-root"
  />,
  <style
    dangerouslySetInnerHTML={
      Object {
        "__html": ".css-1i5zcoh-MuiFormControl-root-MuiTextField-root{display:-webkit-inline-box;display:-webkit-inline-flex;display:-ms-inline-flexbox;display:inline-flex;-webkit-flex-direction:column;-ms-flex-direction:column;flex-direction:column;position:relative;min-width:0;padding:0;margin:0;border:0;vertical-align:top;width:100%;margin:8px;max-width:30vw;}",
      }
    }
    data-emotion="css 1i5zcoh-MuiFormControl-root-MuiTextField-root"
  />,
  <div
    className="MuiFormControl-root MuiFormControl-fullWidth MuiTextField-root css-1i5zcoh-MuiFormControl-root-MuiTextField-root"
  >
    <style
      dangerouslySetInnerHTML={
        Object {
          "__html": "@-webkit-keyframes mui-auto-fill{from{display:block;}}@keyframes mui-auto-fill{from{display:block;}}@-webkit-keyframes mui-auto-fill-cancel{from{display:block;}}@keyframes mui-auto-fill-cancel{from{display:block;}}",
        }
      }
      data-emotion="css-global 1prfaxn"
    />
    <style
      dangerouslySetInnerHTML={
        Object {
          "__html": ".css-md26zr-MuiInputBase-root-MuiOutlinedInput-root{font-family:\\"Roboto\\",\\"Helvetica\\",\\"Arial\\",sans-serif;font-weight:400;font-size:1rem;line-height:1.4375em;letter-spacing:0.00938em;color:rgba(0, 0, 0, 0.87);box-sizing:border-box;position:relative;cursor:text;display:-webkit-inline-box;display:-webkit-inline-flex;display:-ms-inline-flexbox;display:inline-flex;-webkit-align-items:center;-webkit-box-align:center;-ms-flex-align:center;align-items:center;width:100%;position:relative;border-radius:4px;}.css-md26zr-MuiInputBase-root-MuiOutlinedInput-root.Mui-disabled{color:rgba(0, 0, 0, 0.38);cursor:default;}.css-md26zr-MuiInputBase-root-MuiOutlinedInput-root:hover .MuiOutlinedInput-notchedOutline{border-color:rgba(0, 0, 0, 0.87);}@media (hover: none){.css-md26zr-MuiInputBase-root-MuiOutlinedInput-root:hover .MuiOutlinedInput-notchedOutline{border-color:rgba(0, 0, 0, 0.23);}}.css-md26zr-MuiInputBase-root-MuiOutlinedInput-root.Mui-focused .MuiOutlinedInput-notchedOutline{border-color:#1976d2;border-width:2px;}.css-md26zr-MuiInputBase-root-MuiOutlinedInput-root.Mui-error .MuiOutlinedInput-notchedOutline{border-color:#d32f2f;}.css-md26zr-MuiInputBase-root-MuiOutlinedInput-root.Mui-disabled .MuiOutlinedInput-notchedOutline{border-color:rgba(0, 0, 0, 0.26);}",
        }
      }
      data-emotion="css md26zr-MuiInputBase-root-MuiOutlinedInput-root"
    />
    <div
      className="MuiOutlinedInput-root MuiInputBase-root MuiInputBase-colorPrimary MuiInputBase-fullWidth MuiInputBase-formControl MuiInputBase-sizeSmall css-md26zr-MuiInputBase-root-MuiOutlinedInput-root"
      onClick={[Function]}
    >
      <style
        dangerouslySetInnerHTML={
          Object {
            "__html": ".css-1n4twyu-MuiInputBase-input-MuiOutlinedInput-input{font:inherit;letter-spacing:inherit;color:currentColor;padding:4px 0 5px;border:0;box-sizing:content-box;background:none;height:1.4375em;margin:0;-webkit-tap-highlight-color:transparent;display:block;min-width:0;width:100%;-webkit-animation-name:mui-auto-fill-cancel;animation-name:mui-auto-fill-cancel;-webkit-animation-duration:10ms;animation-duration:10ms;padding-top:1px;padding:8.5px 14px;}.css-1n4twyu-MuiInputBase-input-MuiOutlinedInput-input::-webkit-input-placeholder{color:currentColor;opacity:0.42;-webkit-transition:opacity 200ms cubic-bezier(0.4, 0, 0.2, 1) 0ms;transition:opacity 200ms cubic-bezier(0.4, 0, 0.2, 1) 0ms;}.css-1n4twyu-MuiInputBase-input-MuiOutlinedInput-input::-moz-placeholder{color:currentColor;opacity:0.42;-webkit-transition:opacity 200ms cubic-bezier(0.4, 0, 0.2, 1) 0ms;transition:opacity 200ms cubic-bezier(0.4, 0, 0.2, 1) 0ms;}.css-1n4twyu-MuiInputBase-input-MuiOutlinedInput-input:-ms-input-placeholder{color:currentColor;opacity:0.42;-webkit-transition:opacity 200ms cubic-bezier(0.4, 0, 0.2, 1) 0ms;transition:opacity 200ms cubic-bezier(0.4, 0, 0.2, 1) 0ms;}.css-1n4twyu-MuiInputBase-input-MuiOutlinedInput-input::-ms-input-placeholder{color:currentColor;opacity:0.42;-webkit-transition:opacity 200ms cubic-bezier(0.4, 0, 0.2, 1) 0ms;transition:opacity 200ms cubic-bezier(0.4, 0, 0.2, 1) 0ms;}.css-1n4twyu-MuiInputBase-input-MuiOutlinedInput-input:focus{outline:0;}.css-1n4twyu-MuiInputBase-input-MuiOutlinedInput-input:invalid{box-shadow:none;}.css-1n4twyu-MuiInputBase-input-MuiOutlinedInput-input::-webkit-search-decoration{-webkit-appearance:none;}label[data-shrink=false]+.MuiInputBase-formControl .css-1n4twyu-MuiInputBase-input-MuiOutlinedInput-input::-webkit-input-placeholder{opacity:0!important;}label[data-shrink=false]+.MuiInputBase-formControl .css-1n4twyu-MuiInputBase-input-MuiOutlinedInput-input::-moz-placeholder{opacity:0!important;}label[data-shrink=false]+.MuiInputBase-formControl .css-1n4twyu-MuiInputBase-input-MuiOutlinedInput-input:-ms-input-placeholder{opacity:0!important;}label[data-shrink=false]+.MuiInputBase-formControl .css-1n4twyu-MuiInputBase-input-MuiOutlinedInput-input::-ms-input-placeholder{opacity:0!important;}label[data-shrink=false]+.MuiInputBase-formControl .css-1n4twyu-MuiInputBase-input-MuiOutlinedInput-input:focus::-webkit-input-placeholder{opacity:0.42;}label[data-shrink=false]+.MuiInputBase-formControl .css-1n4twyu-MuiInputBase-input-MuiOutlinedInput-input:focus::-moz-placeholder{opacity:0.42;}label[data-shrink=false]+.MuiInputBase-formControl .css-1n4twyu-MuiInputBase-input-MuiOutlinedInput-input:focus:-ms-input-placeholder{opacity:0.42;}label[data-shrink=false]+.MuiInputBase-formControl .css-1n4twyu-MuiInputBase-input-MuiOutlinedInput-input:focus::-ms-input-placeholder{opacity:0.42;}.css-1n4twyu-MuiInputBase-input-MuiOutlinedInput-input.Mui-disabled{opacity:1;-webkit-text-fill-color:rgba(0, 0, 0, 0.38);}.css-1n4twyu-MuiInputBase-input-MuiOutlinedInput-input:-webkit-autofill{-webkit-animation-duration:5000s;animation-duration:5000s;-webkit-animation-name:mui-auto-fill;animation-name:mui-auto-fill;}.css-1n4twyu-MuiInputBase-input-MuiOutlinedInput-input:-webkit-autofill{border-radius:inherit;}",
          }
        }
        data-emotion="css 1n4twyu-MuiInputBase-input-MuiOutlinedInput-input"
      />
      <input
        aria-invalid={false}
        autoFocus={false}
        className="MuiOutlinedInput-input MuiInputBase-input MuiInputBase-inputSizeSmall css-1n4twyu-MuiInputBase-input-MuiOutlinedInput-input"
        disabled={false}
        id="outlined"
        onAnimationStart={[Function]}
        onBlur={[Function]}
        onChange={[Function]}
        onFocus={[Function]}
        required={false}
        type="text"
      />
      <style
        dangerouslySetInnerHTML={
          Object {
            "__html": ".css-rki20w-MuiOutlinedInput-notchedOutline{border-color:rgba(0, 0, 0, 0.23);}",
          }
        }
        data-emotion="css rki20w-MuiOutlinedInput-notchedOutline"
      />
      <style
        dangerouslySetInnerHTML={
          Object {
            "__html": ".css-1d3z3hw-MuiOutlinedInput-notchedOutline{text-align:left;position:absolute;bottom:0;right:0;top:-5px;left:0;margin:0;padding:0 8px;pointer-events:none;border-radius:inherit;border-style:solid;border-width:1px;overflow:hidden;min-width:0%;border-color:rgba(0, 0, 0, 0.23);}",
          }
        }
        data-emotion="css 1d3z3hw-MuiOutlinedInput-notchedOutline"
      />
      <fieldset
        aria-hidden={true}
        className="MuiOutlinedInput-notchedOutline css-1d3z3hw-MuiOutlinedInput-notchedOutline"
      >
        <style
          dangerouslySetInnerHTML={
            Object {
              "__html": ".css-hdw1oc{float:unset;overflow:hidden;padding:0;line-height:11px;-webkit-transition:width 150ms cubic-bezier(0.0, 0, 0.2, 1) 0ms;transition:width 150ms cubic-bezier(0.0, 0, 0.2, 1) 0ms;}",
            }
          }
          data-emotion="css hdw1oc"
        />
        <legend
          className="css-hdw1oc"
        >
          <span
            className="notranslate"
          >
            â€‹
          </span>
        </legend>
      </fieldset>
    </div>
  </div>,
]
`;
